// Jest Snapshot v1, https://goo.gl/fbAQLP

exports[`Test component SidePage should render a component 1`] = `
<Styled(div)
  show={true}
>
  <Styled(div)>
    <span
      onClick={[Function]}
      role="none"
    >
      <CloseIcon />
    </span>
  </Styled(div)>
  SidePage text
</Styled(div)>
`;
